  Master    : A_Labelled_15-Seq.fasta
  Secondary : B_Downloaded-Blast_Uniprot_NCBI.fasta  (Len: 250–360 aa)

... Processing Master file: A_Labelled_15-Seq.fasta

... Processing Secondary file: B_Downloaded-Blast_Uniprot_NCBI.fasta

Generating Visual Report...
===============================================================================
FINAL REPORT
===============================================================================

[File 1: Master]
  Input Sequences       : 15
  Dropped (Quality)     : 0
  Dropped (Duplicate)   : 0
  RETAINED              : 15

[File 2: Secondary]
  Input Sequences       : 3275
  Dropped (Quality)     : 0
  Dropped (Length)      : 115
  Dropped (Duplicate)   : 1025
  RETAINED              : 2135

[FINAL DATASET]
  Total Sequences       : 2150
  Unique Sequences      : 2150
  Length Range          : 194 - 360
  Mean Length           : 297.77

Files Saved:
  1. FASTA : /mnt/wdpassport/FAcDs/C_INP_Merged_for_Boltz-2.fasta
  2. LOG   : /mnt/wdpassport/FAcDs/C_INP_Merged_for_Boltz-2.log
  3. PLOTS : /mnt/wdpassport/FAcDs/C_INP_Merged_for_Boltz-2.png
--------------------------------------------------------------------------------
✔ All Files Saved Successfully
──────────────────────────────────────────────────────────────────────
