  0%|          | 0/1 [00:00<?, ?it/s]
  0%|          | 0/150 [elapsed: 00:00 remaining: ?][A
SUBMIT:   0%|          | 0/150 [elapsed: 00:00 remaining: ?][ASleeping for 5s. Reason: RATELIMIT
Sleeping for 6s. Reason: RATELIMIT
Sleeping for 9s. Reason: RATELIMIT
Sleeping for 5s. Reason: RATELIMIT
Sleeping for 10s. Reason: RATELIMIT
Sleeping for 6s. Reason: RATELIMIT
Sleeping for 10s. Reason: RATELIMIT
Sleeping for 7s. Reason: RATELIMIT
Sleeping for 10s. Reason: RATELIMIT
Sleeping for 9s. Reason: RATELIMIT
Sleeping for 8s. Reason: RATELIMIT

COMPLETE:   0%|          | 0/150 [elapsed: 01:36 remaining: ?][A
COMPLETE: 100%|██████████| 150/150 [elapsed: 01:36 remaining: 00:00][ACOMPLETE: 100%|██████████| 150/150 [elapsed: 01:39 remaining: 00:00]
100%|██████████| 1/1 [01:40<00:00, 100.32s/it]100%|██████████| 1/1 [01:40<00:00, 100.32s/it]
Using bfloat16 Automatic Mixed Precision (AMP)
GPU available: True (cuda), used: True
TPU available: False, using: 0 TPU cores
HPU available: False, using: 0 HPUs
/home/shaban/miniconda3/envs/PFAS/lib/python3.10/site-packages/pytorch_lightning/trainer/connectors/logger_connector/logger_connector.py:76: Starting from v1.9.0, `tensorboardX` has been removed as a dependency of the `pytorch_lightning` package, due to potential conflicts with other packages in the ML ecosystem. For this reason, `logger=True` will use `CSVLogger` as the default logger, unless the `tensorboard` or `tensorboardX` packages are found. Please `pip install lightning[extra]` or one of them to enable TensorBoard support by default
/home/shaban/miniconda3/envs/PFAS/lib/python3.10/site-packages/pytorch_lightning/utilities/migration/utils.py:56: The loaded checkpoint was produced with Lightning v2.5.0.post0, which is newer than your current Lightning version: v2.5.0
You are using a CUDA device ('NVIDIA GeForce RTX 5090') that has Tensor Cores. To properly utilize them, you should set `torch.set_float32_matmul_precision('medium' | 'high')` which will trade-off precision for performance. For more details, read https://pytorch.org/docs/stable/generated/torch.set_float32_matmul_precision.html#torch.set_float32_matmul_precision
LOCAL_RANK: 0 - CUDA_VISIBLE_DEVICES: [0]
/home/shaban/miniconda3/envs/PFAS/lib/python3.10/site-packages/pytorch_lightning/utilities/_pytree.py:21: `isinstance(treespec, LeafSpec)` is deprecated, use `isinstance(treespec, TreeSpec) and treespec.is_leaf()` instead.
/home/shaban/miniconda3/envs/PFAS/lib/python3.10/site-packages/pytorch_lightning/utilities/migration/utils.py:56: The loaded checkpoint was produced with Lightning v2.5.0.post0, which is newer than your current Lightning version: v2.5.0
LOCAL_RANK: 0 - CUDA_VISIBLE_DEVICES: [0]
